// Jest Snapshot v1, https://goo.gl/fbAQLP

exports[`should properly convert a pdf doc definition to DOM 1`] = `"<div class=\\"ui sixteen column wide\\"><div class=\\"ui sixteen column wide\\"><p style=\\"\\">Text</p></div><div class=\\"ui sixteen column wide\\"><p style=\\"\\">Text</p></div><div class=\\"ui sixteen column wide\\"><div class=\\"ui three columns grid\\"><div class=\\"row\\"><div class=\\"column\\"><p style=\\"\\">Column</p></div><div class=\\"column\\"><p style=\\"\\">Column</p></div><div class=\\"column\\"><p style=\\"\\">Column</p></div></div><div class=\\"row\\"><div class=\\"column\\"><p style=\\"\\">Column</p></div><div class=\\"column\\"><p style=\\"\\">Column</p></div><div class=\\"column\\"><p style=\\"\\">Column</p></div></div><div class=\\"row\\"><div class=\\"column\\"><p style=\\"\\">Column</p></div><div class=\\"column\\"><p style=\\"\\">Column</p></div><div class=\\"column\\"><p style=\\"font-weight: bold;\\">Column</p></div></div><div class=\\"row\\"><div class=\\"column\\"><p style=\\"\\">Column</p></div><div class=\\"column\\"><p style=\\"\\">Column</p></div><div class=\\"column\\"><div class=\\"ui sixteen column wide\\"><div class=\\"ui sixteen column wide\\"><p style=\\"\\">Stacked cell</p></div><div class=\\"ui sixteen column wide\\"><p style=\\"\\">Stacked cell</p></div><div class=\\"ui sixteen column wide\\"><p style=\\"\\">Stacked cell</p></div></div></div></div></div></div></div>"`;
